// Jest Snapshot v1, https://goo.gl/fbAQLP

exports[`renders correctly 1`] = `
<img
  alt="GitHub.ist"
  className=""
  src={
    Object {
      "process": [Function],
    }
  }
/>
`;
